
> fueops-next@0.1.0 build
> next build

Ôû▓ Next.js 16.1.4 (Turbopack)

  Creating an optimized production build ...
node.exe : 
At C:\Program 
Files\nodejs\npm.ps1:29 char:3
+   & $NODE_EXE $NPM_CLI_JS $args
+   ~~~~~~~~~~~~~~~~~~~~~~~~~~~~~
    + CategoryInfo          : No 
   tSpecified: (:String) [], Re  
  moteException
    + FullyQualifiedErrorId : Na 
   tiveCommandError
 
> Build error occurred
Error: Turbopack build failed 
with 1 errors:
./app/globals.css
Error evaluating Node.js code
CssSyntaxError: 
C:\Users\ASUS\Downloads\FueOps We
bsite\fueops\fueops-next\app\glob
als.css:147:1: Unexpected }
    at Input.error (node_modules/
postcss/lib/input.js:135:16) 
[C:\Users\ASUS\Downloads\FueOps W
ebsite\fueops\fueops-next\.next\b
uild\chunks\node_modules_fe693df6
._.js:4651:22]
    at Parser.unexpectedClose (no
de_modules/postcss/lib/parser.js:
587:22) 
[C:\Users\ASUS\Downloads\FueOps W
ebsite\fueops\fueops-next\.next\b
uild\chunks\node_modules_fe693df6
._.js:5820:26]
    at Parser.end (node_modules/p
ostcss/lib/parser.js:330:12) 
[C:\Users\ASUS\Downloads\FueOps W
ebsite\fueops\fueops-next\.next\b
uild\chunks\node_modules_fe693df6
._.js:5593:18]
    at Parser.parse (node_modules
/postcss/lib/parser.js:456:16) 
[C:\Users\ASUS\Downloads\FueOps W
ebsite\fueops\fueops-next\.next\b
uild\chunks\node_modules_fe693df6
._.js:5704:26]
    at parse (node_modules/postcs
s/lib/parse.js:11:12) 
[C:\Users\ASUS\Downloads\FueOps W
ebsite\fueops\fueops-next\.next\b
uild\chunks\node_modules_fe693df6
._.js:5853:16]
    at new LazyResult (node_modul
es/postcss/lib/lazy-result.js:165
:16) 
[C:\Users\ASUS\Downloads\FueOps W
ebsite\fueops\fueops-next\.next\b
uild\chunks\node_modules_fe693df6
._.js:6105:24]
    at Processor.process (node_mo
dules/postcss/lib/processor.js:53
:14) 
[C:\Users\ASUS\Downloads\FueOps W
ebsite\fueops\fueops-next\.next\b
uild\chunks\node_modules_fe693df6
._.js:6572:20]
    at transform (turbopack:///[t
urbopack-node]/transforms/postcss
.ts:70:51) 
[C:\Users\ASUS\Downloads\FueOps W
ebsite\fueops\fueops-next\.next\b
uild\chunks\[root-of-the-server]_
_51225daf._.js:146:52]
    at run (turbopack:///[turbopa
ck-node]/ipc/evaluate.ts:92:29) 
[C:\Users\ASUS\Downloads\FueOps W
ebsite\fueops\fueops-next\.next\b
uild\chunks\[root-of-the-server]_
_974941ed._.js:443:37]
    at run (turbopack:///[turbopa
ck-node]/ipc/evaluate.ts:115:11) 
[C:\Users\ASUS\Downloads\FueOps W
ebsite\fueops\fueops-next\.next\b
uild\chunks\[root-of-the-server]_
_974941ed._.js:464:25]

Import trace:
  Client Component Browser:
    ./app/globals.css [Client 
Component Browser]
    ./app/layout.tsx [Server 
Component]


    at transform (turbopack:///[t
urbopack-node]/transforms/postcss
.ts:70:51) 
[C:\Users\ASUS\Downloads\FueOps W
ebsite\fueops\fueops-next\.next\b
uild\chunks\[root-of-the-server]_
_51225daf._.js:146:52])
    at run (turbopack:///[turbopa
ck-node]/ipc/evaluate.ts:92:29) 
[C:\Users\ASUS\Downloads\FueOps W
ebsite\fueops\fueops-next\.next\b
uild\chunks\[root-of-the-server]_
_974941ed._.js:443:37])
    at run (turbopack:///[turbopa
ck-node]/ipc/evaluate.ts:115:11) 
[C:\Users\ASUS\Downloads\FueOps W
ebsite\fueops\fueops-next\.next\b
uild\chunks\[root-of-the-server]_
_974941ed._.js:464:25])
